<html>
<body>
<pre>
<h1>µVision Build Log</h1>
<h2>Project:</h2>
U:\ArmProjects\ARM\SampleAsmApp\App.uvproj
Project File Date:  02/10/2015

<h2>Output:</h2>
Build target 'Sample'
assembling App.s...
App.s(13): error: A1152E: Unexpected operator
App.s:    13 00000000 IO1PIN  EQU 
App.s(30): error: A1106E: Missing comma
App.s:    30 00000024  str r6[r3]
App.s: 2 Errors, 0 Warnings
Target not created
Build target 'Sample'
assembling App.s...
App.s(13): error: A1152E: Unexpected operator
App.s:    13 00000000 IO1PIN  EQU 
App.s(30): error: A1106E: Missing comma
App.s:    30 00000024  str r6[r3]
App.s: 2 Errors, 0 Warnings
Target not created
Build target 'Sample'
assembling App.s...
linking...
Program Size: Code=828 RO-data=32 RW-data=4 ZI-data=1164  
FromELF: creating hex file...
"App.axf" - 0 Error(s), 0 Warning(s).
"fm" @fmsettings.txt
Flash Magic Version 7.51.3222
8051/XA Driver Version 3.03.3043
ARM UART Driver Version 3.04.3043
ARM Cortex UART Driver Version 4.56.3216
ARM Ethernet Driver Version 2.04.3043
ARM Cortex Ethernet Driver Version 2.06.3043
ARM CAN Driver Version 2.07.3134
(C) Embedded Systems Academy 2000-2013 All rights reserved
NON PRODUCTION USE ONLY
Connected
Device selected
Erase complete (USED)
Hex file programming complete (App.hex)
Verify passed (App.hex)
Build target 'Sample'
assembling App.s...
App.s(1): error: A1163E: Unknown opcode AsmTemplate, , expecting opcode or Macro
App.s:     1 00000000 AREA AsmTemplate, CODE, READONLY
App.s:                     ^
App.s(8): error: A1355U: A Label was found which was in no AREA
App.s:     8 00000000 start
App.s: 2 Errors, 0 Warnings
Target not created
Build target 'Sample'
assembling App.s...
linking...
Program Size: Code=972 RO-data=32 RW-data=4 ZI-data=1164  
FromELF: creating hex file...
"App.axf" - 0 Error(s), 0 Warning(s).
"fm" @fmsettings.txt
Flash Magic Version 7.51.3222
8051/XA Driver Version 3.03.3043
ARM UART Driver Version 3.04.3043
ARM Cortex UART Driver Version 4.56.3216
ARM Ethernet Driver Version 2.04.3043
ARM Cortex Ethernet Driver Version 2.06.3043
ARM CAN Driver Version 2.07.3134
(C) Embedded Systems Academy 2000-2013 All rights reserved
NON PRODUCTION USE ONLY
Connected
Device selected
Erase complete (USED)
Hex file programming complete (App.hex)
Verify passed (App.hex)
Build target 'Sample'
assembling App.s...
linking...
Program Size: Code=972 RO-data=32 RW-data=4 ZI-data=1164  
FromELF: creating hex file...
"App.axf" - 0 Error(s), 0 Warning(s).
"fm" @fmsettings.txt
Flash Magic Version 7.51.3222
8051/XA Driver Version 3.03.3043
ARM UART Driver Version 3.04.3043
ARM Cortex UART Driver Version 4.56.3216
ARM Ethernet Driver Version 2.04.3043
ARM Cortex Ethernet Driver Version 2.06.3043
ARM CAN Driver Version 2.07.3134
(C) Embedded Systems Academy 2000-2013 All rights reserved
NON PRODUCTION USE ONLY
Connected
Device selected
Erase complete (USED)
Hex file programming complete (App.hex)
Verify passed (App.hex)
Build target 'Sample'
assembling App.s...
linking...
Program Size: Code=972 RO-data=32 RW-data=4 ZI-data=1164  
FromELF: creating hex file...
"App.axf" - 0 Error(s), 0 Warning(s).
"fm" @fmsettings.txt
Flash Magic Version 7.51.3222
8051/XA Driver Version 3.03.3043
ARM UART Driver Version 3.04.3043
ARM Cortex UART Driver Version 4.56.3216
ARM Ethernet Driver Version 2.04.3043
ARM Cortex Ethernet Driver Version 2.06.3043
ARM CAN Driver Version 2.07.3134
(C) Embedded Systems Academy 2000-2013 All rights reserved
NON PRODUCTION USE ONLY
Connected
Device selected
Erase complete (USED)
Hex file programming complete (App.hex)
Verify passed (App.hex)
Build target 'Sample'
assembling App.s...
linking...
Program Size: Code=972 RO-data=32 RW-data=4 ZI-data=1164  
FromELF: creating hex file...
"App.axf" - 0 Error(s), 0 Warning(s).
"fm" @fmsettings.txt
Flash Magic Version 7.51.3222
8051/XA Driver Version 3.03.3043
ARM UART Driver Version 3.04.3043
ARM Cortex UART Driver Version 4.56.3216
ARM Ethernet Driver Version 2.04.3043
ARM Cortex Ethernet Driver Version 2.06.3043
ARM CAN Driver Version 2.07.3134
(C) Embedded Systems Academy 2000-2013 All rights reserved
NON PRODUCTION USE ONLY
Connected
Device selected
Erase complete (USED)
Hex file programming complete (App.hex)
Verify passed (App.hex)
Build target 'Sample'
assembling App.s...
linking...
Program Size: Code=972 RO-data=32 RW-data=4 ZI-data=1164  
FromELF: creating hex file...
"App.axf" - 0 Error(s), 0 Warning(s).
"fm" @fmsettings.txt
Flash Magic Version 7.51.3222
8051/XA Driver Version 3.03.3043
ARM UART Driver Version 3.04.3043
ARM Cortex UART Driver Version 4.56.3216
ARM Ethernet Driver Version 2.04.3043
ARM Cortex Ethernet Driver Version 2.06.3043
ARM CAN Driver Version 2.07.3134
(C) Embedded Systems Academy 2000-2013 All rights reserved
NON PRODUCTION USE ONLY
Connected
Device selected
Erase complete (USED)
Hex file programming complete (App.hex)
Verify passed (App.hex)
Build target 'Sample'
linking...
Program Size: Code=972 RO-data=32 RW-data=4 ZI-data=1164  
FromELF: creating hex file...
"App.axf" - 0 Error(s), 0 Warning(s).
"fm" @fmsettings.txt
Flash Magic Version 7.51.3222
8051/XA Driver Version 3.03.3043
ARM UART Driver Version 3.04.3043
ARM Cortex UART Driver Version 4.56.3216
ARM Ethernet Driver Version 2.04.3043
ARM Cortex Ethernet Driver Version 2.06.3043
ARM CAN Driver Version 2.07.3134
(C) Embedded Systems Academy 2000-2013 All rights reserved
NON PRODUCTION USE ONLY
Connected
Device selected
Erase complete (USED)
Hex file programming complete (App.hex)
Verify passed (App.hex)
Build target 'Sample'
assembling App.s...
linking...
Program Size: Code=972 RO-data=32 RW-data=4 ZI-data=1164  
FromELF: creating hex file...
"App.axf" - 0 Error(s), 0 Warning(s).
"fm" @fmsettings.txt
Flash Magic Version 7.51.3222
8051/XA Driver Version 3.03.3043
ARM UART Driver Version 3.04.3043
ARM Cortex UART Driver Version 4.56.3216
ARM Ethernet Driver Version 2.04.3043
ARM Cortex Ethernet Driver Version 2.06.3043
ARM CAN Driver Version 2.07.3134
(C) Embedded Systems Academy 2000-2013 All rights reserved
NON PRODUCTION USE ONLY
Connected
Device selected
Erase complete (USED)
Hex file programming complete (App.hex)
Verify passed (App.hex)
Build target 'Sample'
assembling App.s...
linking...
Program Size: Code=880 RO-data=32 RW-data=4 ZI-data=1164  
FromELF: creating hex file...
"App.axf" - 0 Error(s), 0 Warning(s).
"fm" @fmsettings.txt
Flash Magic Version 7.51.3222
8051/XA Driver Version 3.03.3043
ARM UART Driver Version 3.04.3043
ARM Cortex UART Driver Version 4.56.3216
ARM Ethernet Driver Version 2.04.3043
ARM Cortex Ethernet Driver Version 2.06.3043
ARM CAN Driver Version 2.07.3134
(C) Embedded Systems Academy 2000-2013 All rights reserved
NON PRODUCTION USE ONLY
Connected
Device selected
Erase complete (USED)
Hex file programming complete (App.hex)
Verify passed (App.hex)
Build target 'Sample'
assembling App.s...
linking...
Program Size: Code=880 RO-data=32 RW-data=4 ZI-data=1164  
FromELF: creating hex file...
"App.axf" - 0 Error(s), 0 Warning(s).
Build target 'Sample'
assembling App.s...
linking...
Program Size: Code=880 RO-data=32 RW-data=4 ZI-data=1164  
FromELF: creating hex file...
"App.axf" - 0 Error(s), 0 Warning(s).
"fm" @fmsettings.txt
Flash Magic Version 7.51.3222
8051/XA Driver Version 3.03.3043
ARM UART Driver Version 3.04.3043
ARM Cortex UART Driver Version 4.56.3216
ARM Ethernet Driver Version 2.04.3043
ARM Cortex Ethernet Driver Version 2.06.3043
ARM CAN Driver Version 2.07.3134
(C) Embedded Systems Academy 2000-2013 All rights reserved
NON PRODUCTION USE ONLY
Connected
Device selected
Erase complete (USED)
Hex file programming complete (App.hex)
Verify passed (App.hex)
