


ARM Macro Assembler    Page 1 


    1 00000000                 AREA             ThirdAssignment, CODE, READONLY
    2 00000000                 IMPORT           main
    3 00000000                 EXPORT           start
    4 00000000         
    5 00000000         start
    6 00000000         
    7 00000000 E3A02020        LDR              r2, =32
    8 00000004 E3A03000        LDR              r3, =0
    9 00000008         
   10 00000008 E1B02002        MOVS             r2, r2      ; set condition cod
                                                            e flags
   11 0000000C         
   12 0000000C         while
   13 0000000C 0A000002        BEQ              endwh
   14 00000010 E2422001        SUB              r2, r2, #1
   15 00000014 E2833001        ADD              r3, r3, #1
   16 00000018         
   17 00000018 EAFFFFFB        B                while
   18 0000001C         endwh
   19 0000001C         
   20 0000001C EAFFFFFE 
                       stop    B                stop
   21 00000020         
   22 00000020                 END
Command Line: --debug --xref --apcs=interwork --depend=FirstProgram.d -oFirstPr
ogram.o -IC:\Keil\ARM\INC -IC:\Keil\ARM\INC\Philips --predefine="__EVAL SETA 1"
 --predefine="__MICROLIB SETA 1" --predefine="NO_CLOCK_SETUP SETA 1" --predefin
e="NO_EMC_SETUP SETA 1" --predefine="RAM_INTVEC SETA 1" --predefine="RAM_MODE S
ETA 1" --predefine="REMAP SETA 1" --list=FirstProgram.lst FirstProgram.s



ARM Macro Assembler    Page 1 Alphabetic symbol ordering
Relocatable symbols

ThirdAssignment 00000000

Symbol: ThirdAssignment
   Definitions
      At line 1 in file FirstProgram.s
   Uses
      None
Comment: ThirdAssignment unused
endwh 0000001C

Symbol: endwh
   Definitions
      At line 18 in file FirstProgram.s
   Uses
      At line 13 in file FirstProgram.s
Comment: endwh used once
start 00000000

Symbol: start
   Definitions
      At line 5 in file FirstProgram.s
   Uses
      At line 3 in file FirstProgram.s
Comment: start used once
stop 0000001C

Symbol: stop
   Definitions
      At line 20 in file FirstProgram.s
   Uses
      At line 20 in file FirstProgram.s
Comment: stop used once
while 0000000C

Symbol: while
   Definitions
      At line 12 in file FirstProgram.s
   Uses
      At line 17 in file FirstProgram.s
Comment: while used once
5 symbols



ARM Macro Assembler    Page 1 Alphabetic symbol ordering
External symbols

main 00000000

Symbol: main
   Definitions
      At line 2 in file FirstProgram.s
   Uses
      None
Comment: main unused
1 symbol
337 symbols in table
