ARM Linker, 4.1 [Build 481] [Evaluation]

==============================================================================

Section Cross References

    firstprogram.o(SecondAssignment) refers (Special) to main.o(.text) for main
    main.o(.text) refers to serial.o(.text) for init_serial
    main.o(.text) refers to printfb.o(i.__0printf$bare) for __2printf
    main.o(.text) refers to firstprogram.o(SecondAssignment) for start
    entry.o(.ARM.Collect$$$$00000000) refers (Special) to entry7.o(.ARM.Collect$$$$00000007) for _main_init
    entry.o(.ARM.Collect$$$$00000000) refers (Special) to entry5.o(.ARM.Collect$$$$00000004) for _main_scatterload
    entry.o(.ARM.Collect$$$$00000000) refers (Special) to entry2.o(.ARM.Collect$$$$00000001) for _main_stk
    printfb.o(i.__0fprintf$bare) refers to printfb.o(i._printf_core) for _printf_core
    printfb.o(i.__0fprintf$bare) refers to retarget.o(.text) for fputc
    printfb.o(i.__0printf$bare) refers to printfb.o(i._printf_core) for _printf_core
    printfb.o(i.__0printf$bare) refers to retarget.o(.text) for fputc
    printfb.o(i.__0printf$bare) refers to retarget.o(.data) for __stdout
    printfb.o(i.__0snprintf$bare) refers to printfb.o(i._printf_core) for _printf_core
    printfb.o(i.__0snprintf$bare) refers to printfb.o(i._snputc) for _snputc
    printfb.o(i.__0sprintf$bare) refers to printfb.o(i._printf_core) for _printf_core
    printfb.o(i.__0sprintf$bare) refers to printfb.o(i._sputc) for _sputc
    printfb.o(i.__0vfprintf$bare) refers to printfb.o(i._printf_core) for _printf_core
    printfb.o(i.__0vfprintf$bare) refers to retarget.o(.text) for fputc
    printfb.o(i.__0vprintf$bare) refers to printfb.o(i._printf_core) for _printf_core
    printfb.o(i.__0vprintf$bare) refers to retarget.o(.text) for fputc
    printfb.o(i.__0vprintf$bare) refers to retarget.o(.data) for __stdout
    printfb.o(i.__0vsnprintf$bare) refers to printfb.o(i._printf_core) for _printf_core
    printfb.o(i.__0vsnprintf$bare) refers to printfb.o(i._snputc) for _snputc
    printfb.o(i.__0vsprintf$bare) refers to printfb.o(i._printf_core) for _printf_core
    printfb.o(i.__0vsprintf$bare) refers to printfb.o(i._sputc) for _sputc
    printfb.o(i._printf_core) refers to printfb.o(i.__ARM_common_call_via_r6) for __ARM_common_call_via_r6
    printf0.o(i.__0fprintf$0) refers to printf0.o(i._printf_core) for _printf_core
    printf0.o(i.__0fprintf$0) refers to retarget.o(.text) for fputc
    printf0.o(i.__0printf$0) refers to printf0.o(i._printf_core) for _printf_core
    printf0.o(i.__0printf$0) refers to retarget.o(.text) for fputc
    printf0.o(i.__0printf$0) refers to retarget.o(.data) for __stdout
    printf0.o(i.__0snprintf$0) refers to printf0.o(i._printf_core) for _printf_core
    printf0.o(i.__0snprintf$0) refers to printf0.o(i._snputc) for _snputc
    printf0.o(i.__0sprintf$0) refers to printf0.o(i._printf_core) for _printf_core
    printf0.o(i.__0sprintf$0) refers to printf0.o(i._sputc) for _sputc
    printf0.o(i.__0vfprintf$0) refers to printf0.o(i._printf_core) for _printf_core
    printf0.o(i.__0vfprintf$0) refers to retarget.o(.text) for fputc
    printf0.o(i.__0vprintf$0) refers to printf0.o(i._printf_core) for _printf_core
    printf0.o(i.__0vprintf$0) refers to retarget.o(.text) for fputc
    printf0.o(i.__0vprintf$0) refers to retarget.o(.data) for __stdout
    printf0.o(i.__0vsnprintf$0) refers to printf0.o(i._printf_core) for _printf_core
    printf0.o(i.__0vsnprintf$0) refers to printf0.o(i._snputc) for _snputc
    printf0.o(i.__0vsprintf$0) refers to printf0.o(i._printf_core) for _printf_core
    printf0.o(i.__0vsprintf$0) refers to printf0.o(i._sputc) for _sputc
    printf0.o(i._printf_core) refers to printfb.o(i.__ARM_common_call_via_r6) for __ARM_common_call_via_r6
    printf1.o(i.__0fprintf$1) refers to printf1.o(i._printf_core) for _printf_core
    printf1.o(i.__0fprintf$1) refers to retarget.o(.text) for fputc
    printf1.o(i.__0printf$1) refers to printf1.o(i._printf_core) for _printf_core
    printf1.o(i.__0printf$1) refers to retarget.o(.text) for fputc
    printf1.o(i.__0printf$1) refers to retarget.o(.data) for __stdout
    printf1.o(i.__0snprintf$1) refers to printf1.o(i._printf_core) for _printf_core
    printf1.o(i.__0snprintf$1) refers to printf1.o(i._snputc) for _snputc
    printf1.o(i.__0sprintf$1) refers to printf1.o(i._printf_core) for _printf_core
    printf1.o(i.__0sprintf$1) refers to printf1.o(i._sputc) for _sputc
    printf1.o(i.__0vfprintf$1) refers to printf1.o(i._printf_core) for _printf_core
    printf1.o(i.__0vfprintf$1) refers to retarget.o(.text) for fputc
    printf1.o(i.__0vprintf$1) refers to printf1.o(i._printf_core) for _printf_core
    printf1.o(i.__0vprintf$1) refers to retarget.o(.text) for fputc
    printf1.o(i.__0vprintf$1) refers to retarget.o(.data) for __stdout
    printf1.o(i.__0vsnprintf$1) refers to printf1.o(i._printf_core) for _printf_core
    printf1.o(i.__0vsnprintf$1) refers to printf1.o(i._snputc) for _snputc
    printf1.o(i.__0vsprintf$1) refers to printf1.o(i._printf_core) for _printf_core
    printf1.o(i.__0vsprintf$1) refers to printf1.o(i._sputc) for _sputc
    printf1.o(i._printf_core) refers to printf1.o(i.__ARM_common_call_via_r2) for __ARM_common_call_via_r2
    printf1.o(i._printf_core) refers to uidiv.o(.text) for __aeabi_uidivmod
    printf2.o(i.__0fprintf$2) refers to printf2.o(i._printf_core) for _printf_core
    printf2.o(i.__0fprintf$2) refers to retarget.o(.text) for fputc
    printf2.o(i.__0printf$2) refers to printf2.o(i._printf_core) for _printf_core
    printf2.o(i.__0printf$2) refers to retarget.o(.text) for fputc
    printf2.o(i.__0printf$2) refers to retarget.o(.data) for __stdout
    printf2.o(i.__0snprintf$2) refers to printf2.o(i._printf_core) for _printf_core
    printf2.o(i.__0snprintf$2) refers to printf2.o(i._snputc) for _snputc
    printf2.o(i.__0sprintf$2) refers to printf2.o(i._printf_core) for _printf_core
    printf2.o(i.__0sprintf$2) refers to printf2.o(i._sputc) for _sputc
    printf2.o(i.__0vfprintf$2) refers to printf2.o(i._printf_core) for _printf_core
    printf2.o(i.__0vfprintf$2) refers to retarget.o(.text) for fputc
    printf2.o(i.__0vprintf$2) refers to printf2.o(i._printf_core) for _printf_core
    printf2.o(i.__0vprintf$2) refers to retarget.o(.text) for fputc
    printf2.o(i.__0vprintf$2) refers to retarget.o(.data) for __stdout
    printf2.o(i.__0vsnprintf$2) refers to printf2.o(i._printf_core) for _printf_core
    printf2.o(i.__0vsnprintf$2) refers to printf2.o(i._snputc) for _snputc
    printf2.o(i.__0vsprintf$2) refers to printf2.o(i._printf_core) for _printf_core
    printf2.o(i.__0vsprintf$2) refers to printf2.o(i._sputc) for _sputc
    printf2.o(i._printf_core) refers to printf1.o(i.__ARM_common_call_via_r2) for __ARM_common_call_via_r2
    printf3.o(i.__0fprintf$3) refers to printf3.o(i._printf_core) for _printf_core
    printf3.o(i.__0fprintf$3) refers to retarget.o(.text) for fputc
    printf3.o(i.__0printf$3) refers to printf3.o(i._printf_core) for _printf_core
    printf3.o(i.__0printf$3) refers to retarget.o(.text) for fputc
    printf3.o(i.__0printf$3) refers to retarget.o(.data) for __stdout
    printf3.o(i.__0snprintf$3) refers to printf3.o(i._printf_core) for _printf_core
    printf3.o(i.__0snprintf$3) refers to printf3.o(i._snputc) for _snputc
    printf3.o(i.__0sprintf$3) refers to printf3.o(i._printf_core) for _printf_core
    printf3.o(i.__0sprintf$3) refers to printf3.o(i._sputc) for _sputc
    printf3.o(i.__0vfprintf$3) refers to printf3.o(i._printf_core) for _printf_core
    printf3.o(i.__0vfprintf$3) refers to retarget.o(.text) for fputc
    printf3.o(i.__0vprintf$3) refers to printf3.o(i._printf_core) for _printf_core
    printf3.o(i.__0vprintf$3) refers to retarget.o(.text) for fputc
    printf3.o(i.__0vprintf$3) refers to retarget.o(.data) for __stdout
    printf3.o(i.__0vsnprintf$3) refers to printf3.o(i._printf_core) for _printf_core
    printf3.o(i.__0vsnprintf$3) refers to printf3.o(i._snputc) for _snputc
    printf3.o(i.__0vsprintf$3) refers to printf3.o(i._printf_core) for _printf_core
    printf3.o(i.__0vsprintf$3) refers to printf3.o(i._sputc) for _sputc
    printf3.o(i._printf_core) refers to printf1.o(i.__ARM_common_call_via_r2) for __ARM_common_call_via_r2
    printf3.o(i._printf_core) refers to uidiv.o(.text) for __aeabi_uidivmod
    printf4.o(i.__0fprintf$4) refers to printf4.o(i._printf_core) for _printf_core
    printf4.o(i.__0fprintf$4) refers to retarget.o(.text) for fputc
    printf4.o(i.__0printf$4) refers to printf4.o(i._printf_core) for _printf_core
    printf4.o(i.__0printf$4) refers to retarget.o(.text) for fputc
    printf4.o(i.__0printf$4) refers to retarget.o(.data) for __stdout
    printf4.o(i.__0snprintf$4) refers to printf4.o(i._printf_core) for _printf_core
    printf4.o(i.__0snprintf$4) refers to printf4.o(i._snputc) for _snputc
    printf4.o(i.__0sprintf$4) refers to printf4.o(i._printf_core) for _printf_core
    printf4.o(i.__0sprintf$4) refers to printf4.o(i._sputc) for _sputc
    printf4.o(i.__0vfprintf$4) refers to printf4.o(i._printf_core) for _printf_core
    printf4.o(i.__0vfprintf$4) refers to retarget.o(.text) for fputc
    printf4.o(i.__0vprintf$4) refers to printf4.o(i._printf_core) for _printf_core
    printf4.o(i.__0vprintf$4) refers to retarget.o(.text) for fputc
    printf4.o(i.__0vprintf$4) refers to retarget.o(.data) for __stdout
    printf4.o(i.__0vsnprintf$4) refers to printf4.o(i._printf_core) for _printf_core
    printf4.o(i.__0vsnprintf$4) refers to printf4.o(i._snputc) for _snputc
    printf4.o(i.__0vsprintf$4) refers to printf4.o(i._printf_core) for _printf_core
    printf4.o(i.__0vsprintf$4) refers to printf4.o(i._sputc) for _sputc
    printf4.o(i._printf_core) refers to printf1.o(i.__ARM_common_call_via_r2) for __ARM_common_call_via_r2
    printf4.o(i._printf_core) refers to uldiv.o(.text) for __aeabi_uldivmod
    printf5.o(i.__0fprintf$5) refers to printf5.o(i._printf_core) for _printf_core
    printf5.o(i.__0fprintf$5) refers to retarget.o(.text) for fputc
    printf5.o(i.__0printf$5) refers to printf5.o(i._printf_core) for _printf_core
    printf5.o(i.__0printf$5) refers to retarget.o(.text) for fputc
    printf5.o(i.__0printf$5) refers to retarget.o(.data) for __stdout
    printf5.o(i.__0snprintf$5) refers to printf5.o(i._printf_core) for _printf_core
    printf5.o(i.__0snprintf$5) refers to printf5.o(i._snputc) for _snputc
    printf5.o(i.__0sprintf$5) refers to printf5.o(i._printf_core) for _printf_core
    printf5.o(i.__0sprintf$5) refers to printf5.o(i._sputc) for _sputc
    printf5.o(i.__0vfprintf$5) refers to printf5.o(i._printf_core) for _printf_core
    printf5.o(i.__0vfprintf$5) refers to retarget.o(.text) for fputc
    printf5.o(i.__0vprintf$5) refers to printf5.o(i._printf_core) for _printf_core
    printf5.o(i.__0vprintf$5) refers to retarget.o(.text) for fputc
    printf5.o(i.__0vprintf$5) refers to retarget.o(.data) for __stdout
    printf5.o(i.__0vsnprintf$5) refers to printf5.o(i._printf_core) for _printf_core
    printf5.o(i.__0vsnprintf$5) refers to printf5.o(i._snputc) for _snputc
    printf5.o(i.__0vsprintf$5) refers to printf5.o(i._printf_core) for _printf_core
    printf5.o(i.__0vsprintf$5) refers to printf5.o(i._sputc) for _sputc
    printf5.o(i._printf_core) refers to printf1.o(i.__ARM_common_call_via_r2) for __ARM_common_call_via_r2
    printf5.o(i._printf_core) refers to uldiv.o(.text) for __aeabi_uldivmod
    printf6.o(i.__0fprintf$6) refers to printf6.o(i._printf_core) for _printf_core
    printf6.o(i.__0fprintf$6) refers to retarget.o(.text) for fputc
    printf6.o(i.__0printf$6) refers to printf6.o(i._printf_core) for _printf_core
    printf6.o(i.__0printf$6) refers to retarget.o(.text) for fputc
    printf6.o(i.__0printf$6) refers to retarget.o(.data) for __stdout
    printf6.o(i.__0snprintf$6) refers to printf6.o(i._printf_core) for _printf_core
    printf6.o(i.__0snprintf$6) refers to printf6.o(i._snputc) for _snputc
    printf6.o(i.__0sprintf$6) refers to printf6.o(i._printf_core) for _printf_core
    printf6.o(i.__0sprintf$6) refers to printf6.o(i._sputc) for _sputc
    printf6.o(i.__0vfprintf$6) refers to printf6.o(i._printf_core) for _printf_core
    printf6.o(i.__0vfprintf$6) refers to retarget.o(.text) for fputc
    printf6.o(i.__0vprintf$6) refers to printf6.o(i._printf_core) for _printf_core
    printf6.o(i.__0vprintf$6) refers to retarget.o(.text) for fputc
    printf6.o(i.__0vprintf$6) refers to retarget.o(.data) for __stdout
    printf6.o(i.__0vsnprintf$6) refers to printf6.o(i._printf_core) for _printf_core
    printf6.o(i.__0vsnprintf$6) refers to printf6.o(i._snputc) for _snputc
    printf6.o(i.__0vsprintf$6) refers to printf6.o(i._printf_core) for _printf_core
    printf6.o(i.__0vsprintf$6) refers to printf6.o(i._sputc) for _sputc
    printf6.o(i._printf_core) refers to printf1.o(i.__ARM_common_call_via_r2) for __ARM_common_call_via_r2
    printf6.o(i._printf_core) refers to printf6.o(i._printf_pre_padding) for _printf_pre_padding
    printf6.o(i._printf_core) refers to printf6.o(i._printf_post_padding) for _printf_post_padding
    printf6.o(i._printf_core) refers to uidiv.o(.text) for __aeabi_uidivmod
    printf6.o(i._printf_post_padding) refers to printfb.o(i.__ARM_common_call_via_r6) for __ARM_common_call_via_r6
    printf6.o(i._printf_pre_padding) refers to printfb.o(i.__ARM_common_call_via_r6) for __ARM_common_call_via_r6
    printf7.o(i.__0fprintf$7) refers to printf7.o(i._printf_core) for _printf_core
    printf7.o(i.__0fprintf$7) refers to retarget.o(.text) for fputc
    printf7.o(i.__0printf$7) refers to printf7.o(i._printf_core) for _printf_core
    printf7.o(i.__0printf$7) refers to retarget.o(.text) for fputc
    printf7.o(i.__0printf$7) refers to retarget.o(.data) for __stdout
    printf7.o(i.__0snprintf$7) refers to printf7.o(i._printf_core) for _printf_core
    printf7.o(i.__0snprintf$7) refers to printf7.o(i._snputc) for _snputc
    printf7.o(i.__0sprintf$7) refers to printf7.o(i._printf_core) for _printf_core
    printf7.o(i.__0sprintf$7) refers to printf7.o(i._sputc) for _sputc
    printf7.o(i.__0vfprintf$7) refers to printf7.o(i._printf_core) for _printf_core
    printf7.o(i.__0vfprintf$7) refers to retarget.o(.text) for fputc
    printf7.o(i.__0vprintf$7) refers to printf7.o(i._printf_core) for _printf_core
    printf7.o(i.__0vprintf$7) refers to retarget.o(.text) for fputc
    printf7.o(i.__0vprintf$7) refers to retarget.o(.data) for __stdout
    printf7.o(i.__0vsnprintf$7) refers to printf7.o(i._printf_core) for _printf_core
    printf7.o(i.__0vsnprintf$7) refers to printf7.o(i._snputc) for _snputc
    printf7.o(i.__0vsprintf$7) refers to printf7.o(i._printf_core) for _printf_core
    printf7.o(i.__0vsprintf$7) refers to printf7.o(i._sputc) for _sputc
    printf7.o(i._printf_core) refers to printf1.o(i.__ARM_common_call_via_r2) for __ARM_common_call_via_r2
    printf7.o(i._printf_core) refers to printf7.o(i._printf_pre_padding) for _printf_pre_padding
    printf7.o(i._printf_core) refers to printf7.o(i._printf_post_padding) for _printf_post_padding
    printf7.o(i._printf_core) refers to uldiv.o(.text) for __aeabi_uldivmod
    printf7.o(i._printf_post_padding) refers to printfb.o(i.__ARM_common_call_via_r6) for __ARM_common_call_via_r6
    printf7.o(i._printf_pre_padding) refers to printfb.o(i.__ARM_common_call_via_r6) for __ARM_common_call_via_r6
    printf8.o(i.__0fprintf$8) refers to printf8.o(i._printf_core) for _printf_core
    printf8.o(i.__0fprintf$8) refers to retarget.o(.text) for fputc
    printf8.o(i.__0printf$8) refers to printf8.o(i._printf_core) for _printf_core
    printf8.o(i.__0printf$8) refers to retarget.o(.text) for fputc
    printf8.o(i.__0printf$8) refers to retarget.o(.data) for __stdout
    printf8.o(i.__0snprintf$8) refers to printf8.o(i._printf_core) for _printf_core
    printf8.o(i.__0snprintf$8) refers to printf8.o(i._snputc) for _snputc
    printf8.o(i.__0sprintf$8) refers to printf8.o(i._printf_core) for _printf_core
    printf8.o(i.__0sprintf$8) refers to printf8.o(i._sputc) for _sputc
    printf8.o(i.__0vfprintf$8) refers to printf8.o(i._printf_core) for _printf_core
    printf8.o(i.__0vfprintf$8) refers to retarget.o(.text) for fputc
    printf8.o(i.__0vprintf$8) refers to printf8.o(i._printf_core) for _printf_core
    printf8.o(i.__0vprintf$8) refers to retarget.o(.text) for fputc
    printf8.o(i.__0vprintf$8) refers to retarget.o(.data) for __stdout
    printf8.o(i.__0vsnprintf$8) refers to printf8.o(i._printf_core) for _printf_core
    printf8.o(i.__0vsnprintf$8) refers to printf8.o(i._snputc) for _snputc
    printf8.o(i.__0vsprintf$8) refers to printf8.o(i._printf_core) for _printf_core
    printf8.o(i.__0vsprintf$8) refers to printf8.o(i._sputc) for _sputc
    printf8.o(i._printf_core) refers to printf1.o(i.__ARM_common_call_via_r2) for __ARM_common_call_via_r2
    printf8.o(i._printf_core) refers to printf8.o(i._printf_pre_padding) for _printf_pre_padding
    printf8.o(i._printf_core) refers to printf8.o(i._printf_post_padding) for _printf_post_padding
    printf8.o(i._printf_core) refers to uldiv.o(.text) for __aeabi_uldivmod
    printf8.o(i._printf_post_padding) refers to printfb.o(i.__ARM_common_call_via_r6) for __ARM_common_call_via_r6
    printf8.o(i._printf_pre_padding) refers to printfb.o(i.__ARM_common_call_via_r6) for __ARM_common_call_via_r6
    printfa.o(i.__0fprintf) refers (Special) to iusefp.o(.text) for __I$use$fp
    printfa.o(i.__0fprintf) refers to printfa.o(i._printf_core) for _printf_core
    printfa.o(i.__0fprintf) refers to retarget.o(.text) for fputc
    printfa.o(i.__0printf) refers (Special) to iusefp.o(.text) for __I$use$fp
    printfa.o(i.__0printf) refers to printfa.o(i._printf_core) for _printf_core
    printfa.o(i.__0printf) refers to retarget.o(.text) for fputc
    printfa.o(i.__0printf) refers to retarget.o(.data) for __stdout
    printfa.o(i.__0snprintf) refers (Special) to iusefp.o(.text) for __I$use$fp
    printfa.o(i.__0snprintf) refers to printfa.o(i._printf_core) for _printf_core
    printfa.o(i.__0snprintf) refers to printfa.o(i._snputc) for _snputc
    printfa.o(i.__0sprintf) refers (Special) to iusefp.o(.text) for __I$use$fp
    printfa.o(i.__0sprintf) refers to printfa.o(i._printf_core) for _printf_core
    printfa.o(i.__0sprintf) refers to printfa.o(i._sputc) for _sputc
    printfa.o(i.__0vfprintf) refers (Special) to iusefp.o(.text) for __I$use$fp
    printfa.o(i.__0vfprintf) refers to printfa.o(i._printf_core) for _printf_core
    printfa.o(i.__0vfprintf) refers to retarget.o(.text) for fputc
    printfa.o(i.__0vprintf) refers (Special) to iusefp.o(.text) for __I$use$fp
    printfa.o(i.__0vprintf) refers to printfa.o(i._printf_core) for _printf_core
    printfa.o(i.__0vprintf) refers to retarget.o(.text) for fputc
    printfa.o(i.__0vprintf) refers to retarget.o(.data) for __stdout
    printfa.o(i.__0vsnprintf) refers (Special) to iusefp.o(.text) for __I$use$fp
    printfa.o(i.__0vsnprintf) refers to printfa.o(i._printf_core) for _printf_core
    printfa.o(i.__0vsnprintf) refers to printfa.o(i._snputc) for _snputc
    printfa.o(i.__0vsprintf) refers (Special) to iusefp.o(.text) for __I$use$fp
    printfa.o(i.__0vsprintf) refers to printfa.o(i._printf_core) for _printf_core
    printfa.o(i.__0vsprintf) refers to printfa.o(i._sputc) for _sputc
    printfa.o(i._fp_digits) refers (Special) to iusefp.o(.text) for __I$use$fp
    printfa.o(i._fp_digits) refers to dmul.o(.text) for __aeabi_dmul
    printfa.o(i._fp_digits) refers to ddiv.o(.text) for __aeabi_ddiv
    printfa.o(i._fp_digits) refers to cdrcmple.o(.text) for __aeabi_cdrcmple
    printfa.o(i._fp_digits) refers to dadd.o(.text) for __aeabi_dadd
    printfa.o(i._fp_digits) refers to dfixul.o(.text) for __aeabi_d2ulz
    printfa.o(i._fp_digits) refers to uldiv.o(.text) for __aeabi_uldivmod
    printfa.o(i._printf_core) refers (Special) to iusefp.o(.text) for __I$use$fp
    printfa.o(i._printf_core) refers to printf1.o(i.__ARM_common_call_via_r2) for __ARM_common_call_via_r2
    printfa.o(i._printf_core) refers to printfa.o(i._printf_pre_padding) for _printf_pre_padding
    printfa.o(i._printf_core) refers to printfa.o(i._printf_post_padding) for _printf_post_padding
    printfa.o(i._printf_core) refers to uldiv.o(.text) for __aeabi_uldivmod
    printfa.o(i._printf_core) refers to printfa.o(i._fp_digits) for _fp_digits
    printfa.o(i._printf_core) refers to uidiv.o(.text) for __aeabi_uidivmod
    printfa.o(i._printf_post_padding) refers (Special) to iusefp.o(.text) for __I$use$fp
    printfa.o(i._printf_post_padding) refers to printfb.o(i.__ARM_common_call_via_r6) for __ARM_common_call_via_r6
    printfa.o(i._printf_pre_padding) refers (Special) to iusefp.o(.text) for __I$use$fp
    printfa.o(i._printf_pre_padding) refers to printfb.o(i.__ARM_common_call_via_r6) for __ARM_common_call_via_r6
    printfa.o(i._snputc) refers (Special) to iusefp.o(.text) for __I$use$fp
    printfa.o(i._sputc) refers (Special) to iusefp.o(.text) for __I$use$fp
    retarget.o(.text) refers to serial.o(.text) for sendchar
    entry2.o(.ARM.Collect$$$$00000001) refers to entry2.o(.ARM.Collect$$$$00002712) for __lit__00000000
    entry2.o(.ARM.Collect$$$$00002712) refers to LPC2400.o(STACK) for __initial_sp
    entry5.o(.ARM.Collect$$$$00000004) refers to init.o(.text) for __scatterload
    entry7.o(.ARM.Collect$$$$00000007) refers to main.o(.text) for main
    uldiv.o(.text) refers to llushr.o(.text) for __aeabi_llsr
    uldiv.o(.text) refers to llshl.o(.text) for __aeabi_llsl
    dadd.o(.text) refers to llshl.o(.text) for __aeabi_llsl
    dadd.o(.text) refers to llsshr.o(.text) for __aeabi_lasr
    dadd.o(.text) refers to depilogue.o(.text) for _double_epilogue
    dmul.o(.text) refers to depilogue.o(.text) for _double_epilogue
    ddiv.o(.text) refers to depilogue.o(.text) for _double_round
    dfixul.o(.text) refers to llushr.o(.text) for __aeabi_llsr
    dfixul.o(.text) refers to llshl.o(.text) for __aeabi_llsl
    LPC2400.o(RESET) refers to LPC2400.o(STACK) for Stack_Top
    LPC2400.o(RESET) refers to entry.o(.ARM.Collect$$$$00000000) for __main
    init.o(.text) refers to init.o(i.__ARM_common_call_via_r3) for __ARM_common_call_via_r3
    init.o(.text) refers to entry5.o(.ARM.Collect$$$$00000004) for __main_after_scatterload
    depilogue.o(.text) refers to depilogue.o(i.__ARM_clz) for __ARM_clz
    depilogue.o(.text) refers to llshl.o(.text) for __aeabi_llsl
    depilogue.o(.text) refers to llushr.o(.text) for __aeabi_llsr


==============================================================================

Removing Unused input sections from the image.

    Removing dadd.o(.text), (360 bytes).
    Removing dmul.o(.text), (208 bytes).
    Removing ddiv.o(.text), (244 bytes).
    Removing dfixul.o(.text), (68 bytes).
    Removing cdrcmple.o(.text), (40 bytes).
    Removing LPC2400.o(HEAP), (0 bytes).
    Removing depilogue.o(.text), (202 bytes).
    Removing depilogue.o(i.__ARM_clz), (46 bytes).

8 unused section(s) (total 1168 bytes) removed from the image.

==============================================================================

Adding Veneers to the image

    Adding AT veneer (8 bytes, Inline) for call to '__scatterload' from entry5.o(.ARM.Collect$$$$00000004).
    Adding TA veneer (8 bytes, Short) for call to '__main_after_scatterload' from init.o(.text).
    Adding AT veneer (8 bytes, Inline) for call to '__2printf' from main.o(.text).

3 Veneer(s) (total 24 bytes) added to the image.

==============================================================================

Image Symbol Table

    Local Symbols

    Symbol Name                              Value     Ov Type        Size  Object(Section)

    ../../microlib/division.c                0x00000000   Number         0  uidiv.o ABSOLUTE
    ../../microlib/division.c                0x00000000   Number         0  uldiv.o ABSOLUTE
    ../../microlib/fpadd.c                   0x00000000   Number         0  dadd.o ABSOLUTE
    ../../microlib/fpdiv.c                   0x00000000   Number         0  ddiv.o ABSOLUTE
    ../../microlib/fpepilogue.c              0x00000000   Number         0  depilogue.o ABSOLUTE
    ../../microlib/fpfix.c                   0x00000000   Number         0  dfixul.o ABSOLUTE
    ../../microlib/fpmul.c                   0x00000000   Number         0  dmul.o ABSOLUTE
    ../../microlib/init/entry.s              0x00000000   Number         0  entry7.o ABSOLUTE
    ../../microlib/init/entry.s              0x00000000   Number         0  entry5.o ABSOLUTE
    ../../microlib/init/entry.s              0x00000000   Number         0  entry.o ABSOLUTE
    ../../microlib/init/entry.s              0x00000000   Number         0  entry2.o ABSOLUTE
    ../../microlib/longlong.c                0x00000000   Number         0  llsshr.o ABSOLUTE
    ../../microlib/longlong.c                0x00000000   Number         0  llushr.o ABSOLUTE
    ../../microlib/longlong.c                0x00000000   Number         0  llshl.o ABSOLUTE
    ../../microlib/printf/printf.c           0x00000000   Number         0  printf2.o ABSOLUTE
    ../../microlib/printf/printf.c           0x00000000   Number         0  printfb.o ABSOLUTE
    ../../microlib/printf/printf.c           0x00000000   Number         0  printf0.o ABSOLUTE
    ../../microlib/printf/printf.c           0x00000000   Number         0  printf1.o ABSOLUTE
    ../../microlib/printf/printf.c           0x00000000   Number         0  printf3.o ABSOLUTE
    ../../microlib/printf/printf.c           0x00000000   Number         0  printf4.o ABSOLUTE
    ../../microlib/printf/printf.c           0x00000000   Number         0  printf5.o ABSOLUTE
    ../../microlib/printf/printf.c           0x00000000   Number         0  printf6.o ABSOLUTE
    ../../microlib/printf/printf.c           0x00000000   Number         0  printf7.o ABSOLUTE
    ../../microlib/printf/printf.c           0x00000000   Number         0  printf8.o ABSOLUTE
    ../../microlib/printf/printf.c           0x00000000   Number         0  printfa.o ABSOLUTE
    ../../microlib/stubs.s                   0x00000000   Number         0  useno.o ABSOLUTE
    ../../microlib/stubs.s                   0x00000000   Number         0  iusefp.o ABSOLUTE
    FirstProgram.s                           0x00000000   Number         0  firstprogram.o ABSOLUTE
    LPC2400.s                                0x00000000   Number         0  LPC2400.o ABSOLUTE
    Retarget.c                               0x00000000   Number         0  retarget.o ABSOLUTE
    Serial.c                                 0x00000000   Number         0  serial.o ABSOLUTE
    cdrcmple.s                               0x00000000   Number         0  cdrcmple.o ABSOLUTE
    dc.s                                     0x00000000   Number         0  dc.o ABSOLUTE
    handlers.s                               0x00000000   Number         0  handlers.o ABSOLUTE
    init.s                                   0x00000000   Number         0  init.o ABSOLUTE
    main.c                                   0x00000000   Number         0  main.o ABSOLUTE
    RESET                                    0xa0000000   Section      236  LPC2400.o(RESET)
    Undef_Handler                            0xa0000040   ARM Code       4  LPC2400.o(RESET)
    SWI_Handler                              0xa0000044   ARM Code       4  LPC2400.o(RESET)
    PAbt_Handler                             0xa0000048   ARM Code       4  LPC2400.o(RESET)
    DAbt_Handler                             0xa000004c   ARM Code       4  LPC2400.o(RESET)
    IRQ_Handler                              0xa0000050   ARM Code       4  LPC2400.o(RESET)
    FIQ_Handler                              0xa0000054   ARM Code       4  LPC2400.o(RESET)
    .ARM.Collect$$$$00000000                 0xa00000ec   Section        0  entry.o(.ARM.Collect$$$$00000000)
    .ARM.Collect$$$$00000001                 0xa00000ec   Section        4  entry2.o(.ARM.Collect$$$$00000001)
    .ARM.Collect$$$$00000004                 0xa00000f0   Section        4  entry5.o(.ARM.Collect$$$$00000004)
    .ARM.Collect$$$$00000007                 0xa00000f4   Section       12  entry7.o(.ARM.Collect$$$$00000007)
    .ARM.Collect$$$$00002712                 0xa0000100   Section        4  entry2.o(.ARM.Collect$$$$00002712)
    __lit__00000000                          0xa0000100   Data           4  entry2.o(.ARM.Collect$$$$00002712)
    .text                                    0xa0000104   Section        0  main.o(.text)
    .text                                    0xa0000154   Section        0  serial.o(.text)
    .text                                    0xa00001f4   Section        0  retarget.o(.text)
    .text                                    0xa0000244   Section       32  init.o(.text)
    SecondAssignment                         0xa0000264   Section      132  firstprogram.o(SecondAssignment)
    i.__0printf$bare                         0xa00002f8   Section        0  printfb.o(i.__0printf$bare)
    i.__ARM_common_call_via_r3               0xa0000310   Section        2  init.o(i.__ARM_common_call_via_r3)
    i.__ARM_common_call_via_r6               0xa0000312   Section        0  printfb.o(i.__ARM_common_call_via_r6)
    i.__scatterload_copy                     0xa0000314   Section       28  handlers.o(i.__scatterload_copy)
    i.__scatterload_null                     0xa0000330   Section        4  handlers.o(i.__scatterload_null)
    i.__scatterload_zeroinit                 0xa0000334   Section       24  handlers.o(i.__scatterload_zeroinit)
    i._printf_core                           0xa000034c   Section        0  printfb.o(i._printf_core)
    _printf_core                             0xa000034d   Thumb Code    36  printfb.o(i._printf_core)
    .data                                    0xa1000000   Section        4  retarget.o(.data)
    STACK                                    0xa1000008   Section     2048  LPC2400.o(STACK)
    Stack_Top                                0xa1000808   Data           0  LPC2400.o(STACK)

    Global Symbols

    Symbol Name                              Value     Ov Type        Size  Object(Section)

    BuildAttributes$$THM_ISAv1$ARM_ISAv4$S$PE$A:L22$X:L11$S22$IEEE1$IW$USESV6$~STKCKD$USESV7$~SHL$OSPACE$ROPI$EBA8$MICROLIB$REQ8$PRES8$EABIv2 0x00000000   Number         0  anon$$obj.o ABSOLUTE
    __ARM_use_no_argv                        0x00000000   Number         0  main.o ABSOLUTE
    __use_no_errno                           0x00000000   Number         0  useno.o ABSOLUTE
    __use_no_exception_handling              0x00000000   Number         0  useno.o ABSOLUTE
    __use_no_fp                              0x00000000   Number         0  useno.o ABSOLUTE
    __use_no_heap                            0x00000000   Number         0  useno.o ABSOLUTE
    __use_no_heap_region                     0x00000000   Number         0  useno.o ABSOLUTE
    __use_no_semihosting                     0x00000000   Number         0  useno.o ABSOLUTE
    __use_no_semihosting_swi                 0x00000000   Number         0  useno.o ABSOLUTE
    __use_no_signal_handling                 0x00000000   Number         0  useno.o ABSOLUTE
    __decompress                              - Undefined Weak Reference
    Reset_Handler                            0xa0000058   ARM Code       0  LPC2400.o(RESET)
    __main                                   0xa00000ec   ARM Code       0  entry.o(.ARM.Collect$$$$00000000)
    _main_stk                                0xa00000ec   ARM Code       0  entry2.o(.ARM.Collect$$$$00000001)
    _main_scatterload                        0xa00000f0   ARM Code       0  entry5.o(.ARM.Collect$$$$00000004)
    __main_after_scatterload                 0xa00000f4   ARM Code       0  entry5.o(.ARM.Collect$$$$00000004)
    _main_init                               0xa00000f4   ARM Code       0  entry7.o(.ARM.Collect$$$$00000007)
    main                                     0xa0000104   ARM Code      36  main.o(.text)
    init_serial                              0xa0000154   ARM Code      88  serial.o(.text)
    sendchar                                 0xa00001ac   ARM Code      32  serial.o(.text)
    getkey                                   0xa00001cc   ARM Code      32  serial.o(.text)
    fputc                                    0xa00001f4   ARM Code      28  retarget.o(.text)
    ferror                                   0xa0000210   ARM Code      12  retarget.o(.text)
    _ttywrch                                 0xa000021c   ARM Code      24  retarget.o(.text)
    _sys_exit                                0xa0000234   ARM Code       8  retarget.o(.text)
    Inline ARM to Thumb Veneer to __scatterload 0xa000023c   ARM Code       8  init.o(.text)
    __scatterload                            0xa0000245   Thumb Code    24  init.o(.text)
    __scatterload_rt2                        0xa0000245   Thumb Code     0  init.o(.text)
    start                                    0xa0000264   ARM Code       0  firstprogram.o(SecondAssignment)
    Short Thumb to ARM Veneer to __main_after_scatterload 0xa00002e9   Thumb Code     8  anon$$obj.o(Veneer$$Code)
    Inline ARM to Thumb Veneer to __2printf  0xa00002f0   ARM Code       8  printfb.o(i.__0printf$bare)
    __0printf$bare                           0xa00002f9   Thumb Code    16  printfb.o(i.__0printf$bare)
    __1printf$bare                           0xa00002f9   Thumb Code     0  printfb.o(i.__0printf$bare)
    __2printf                                0xa00002f9   Thumb Code     0  printfb.o(i.__0printf$bare)
    __ARM_common_call_via_r3                 0xa0000311   Thumb Code     2  init.o(i.__ARM_common_call_via_r3)
    __ARM_common_call_via_r6                 0xa0000313   Thumb Code     2  printfb.o(i.__ARM_common_call_via_r6)
    __scatterload_copy                       0xa0000314   ARM Code      28  handlers.o(i.__scatterload_copy)
    __scatterload_null                       0xa0000330   ARM Code       4  handlers.o(i.__scatterload_null)
    __scatterload_zeroinit                   0xa0000334   ARM Code      24  handlers.o(i.__scatterload_zeroinit)
    Region$$Table$$Base                      0xa0000370   Number         0  anon$$obj.o(Region$$Table)
    Region$$Table$$Limit                     0xa0000390   Number         0  anon$$obj.o(Region$$Table)
    __stdout                                 0xa1000000   Data           4  retarget.o(.data)
    __initial_sp                             0xa1000408   Data        1024  LPC2400.o(STACK)



==============================================================================

Memory Map of the image

  Image Entry point : 0xa00000ec

  Load Region LR_ROM1 (Base: 0xa0000000, Size: 0x00000394, Max: 0x01000000, ABSOLUTE)

    Execution Region ER_ROM1 (Base: 0xa0000000, Size: 0x00000390, Max: 0x01000000, ABSOLUTE)

    Base Addr    Size         Type   Attr      Idx    E Section Name        Object

    0xa0000000   0x000000ec   Code   RO          348    RESET               libcs1021.lib(LPC2400.o)(libcs1021.lib)
    0xa00000ec   0x00000000   Code   RO           38  * .ARM.Collect$$$$00000000  mc_t.l(entry.o)(mc_t.l)
    0xa00000ec   0x00000004   Code   RO          327    .ARM.Collect$$$$00000001  mc_t.l(entry2.o)(mc_t.l)
    0xa00000f0   0x00000004   Code   RO          329    .ARM.Collect$$$$00000004  mc_t.l(entry5.o)(mc_t.l)
    0xa00000f4   0x0000000c   Code   RO          330    .ARM.Collect$$$$00000007  mc_t.l(entry7.o)(mc_t.l)
    0xa0000100   0x00000004   Code   RO          328    .ARM.Collect$$$$00002712  mc_t.l(entry2.o)(mc_t.l)
    0xa0000104   0x00000050   Code   RO            6    .text               libcs1021.lib(main.o)(libcs1021.lib)
    0xa0000154   0x000000a0   Code   RO           26    .text               libcs1021.lib(serial.o)(libcs1021.lib)
    0xa00001f4   0x00000048   Code   RO          305    .text               libcs1021.lib(retarget.o)(libcs1021.lib)
    0xa000023c   0x00000008   Ven    RO          352    .text               mc_t.l(init.o)(mc_t.l)
    0xa0000244   0x00000020   Code   RO          352    .text               mc_t.l(init.o)(mc_t.l)
    0xa0000264   0x00000084   Code   RO            1    SecondAssignment    firstprogram.o
    0xa00002e8   0x00000008   Ven    RO          376    Veneer$$Code        anon$$obj.o
    0xa00002f0   0x00000008   Ven    RO           42    i.__0printf$bare    mc_t.l(printfb.o)(mc_t.l)
    0xa00002f8   0x00000018   Code   RO           42    i.__0printf$bare    mc_t.l(printfb.o)(mc_t.l)
    0xa0000310   0x00000002   Code   RO          354    i.__ARM_common_call_via_r3  mc_t.l(init.o)(mc_t.l)
    0xa0000312   0x00000002   Code   RO           63    i.__ARM_common_call_via_r6  mc_t.l(printfb.o)(mc_t.l)
    0xa0000314   0x0000001c   Code   RO          368    i.__scatterload_copy  mc_t.l(handlers.o)(mc_t.l)
    0xa0000330   0x00000004   Code   RO          369    i.__scatterload_null  mc_t.l(handlers.o)(mc_t.l)
    0xa0000334   0x00000018   Code   RO          370    i.__scatterload_zeroinit  mc_t.l(handlers.o)(mc_t.l)
    0xa000034c   0x00000024   Code   RO           49    i._printf_core      mc_t.l(printfb.o)(mc_t.l)
    0xa0000370   0x00000020   Data   RO          366    Region$$Table       anon$$obj.o


    Execution Region RW_RAM1 (Base: 0xa1000000, Size: 0x00000808, Max: 0x01000000, ABSOLUTE)

    Base Addr    Size         Type   Attr      Idx    E Section Name        Object

    0xa1000000   0x00000004   Data   RW          306    .data               libcs1021.lib(retarget.o)(libcs1021.lib)
    0xa1000004   0x00000004   PAD
    0xa1000008   0x00000800   Zero   RW          346    STACK               libcs1021.lib(LPC2400.o)(libcs1021.lib)


==============================================================================

Image component sizes


      Code (inc. data)   RO Data    RW Data    ZI Data      Debug   Object Name

       132          0          0          0          0          0   firstprogram.o

    ----------------------------------------------------------------------
       140          0         32          0          0          0   Object Totals
         8          0         32          0          0          0   (incl. Generated)
         0          0          0          0          0          0   (incl. Padding)

    ----------------------------------------------------------------------

      Code (inc. data)   RO Data    RW Data    ZI Data      Debug   Library Member Name

       236         48          0          0       2048          0   LPC2400.o
        80         44          0          0          0          0   main.o
        72          0          0          4          0          0   retarget.o
       160          8          0          0          0          0   serial.o
         0          0          0          0          0          0   entry.o
         8          4          0          0          0          0   entry2.o
         4          0          0          0          0          0   entry5.o
        12          4          0          0          0          0   entry7.o
        56          0          0          0          0          0   handlers.o
        42          8          0          0          0          0   init.o
        70          8          0          0          0          0   printfb.o

    ----------------------------------------------------------------------
       740        124          0          4       2052          0   Library Totals
         0          0          0          0          4          1   (incl. Padding)

    ----------------------------------------------------------------------

      Code (inc. data)   RO Data    RW Data    ZI Data      Debug   Library Name

       548        100          0          4       2048       5521   libcs1021.lib
       192         24          0          0          0        364   mc_t.l

    ----------------------------------------------------------------------
       740        124          0          4       2052          0   Library Totals

    ----------------------------------------------------------------------

==============================================================================


      Code (inc. data)   RO Data    RW Data    ZI Data      Debug   

       880        124         32          4       2052       5832   Grand Totals
       880        124         32          4       2052       5832   ELF Image Totals
       880        124         32          4          0          0   ROM Totals

==============================================================================

    Total RO  Size (Code + RO Data)                  912 (   0.89kB)
    Total RW  Size (RW Data + ZI Data)              2056 (   2.01kB)
    Total ROM Size (Code + RO Data + RW Data)        916 (   0.89kB)

==============================================================================

